╭────────────────────────────────────────────────────────╮
│ MCP Testing Framework - Run Tests                      │
│ Model: claude-3-5-haiku-20241022 | Provider: anthropic │
╰────────────────────────────────────────────────────────╯

Found 1 test case(s)
Running test: test_simple_tool_call
Prompt: List datasets
Available tools: 20
DEBUG: Converted 20 tools for Anthropic API:
  - generate_chart: l    Create and SAVE a new chart in Superset with enhanced validation and
security features.

    Th...
  - get_chart_available_filters: Return available chart filter fields, types, and supported operators (MCP tool)....
  - get_chart_data: Get the underlying data for a chart with advanced cache control.

This tool returns the actual data ...
  - get_chart_info: Get detailed information about a specific chart with metadata cache control.

IMPORTANT FOR LLM CLIE...
  - get_chart_preview: Get a visual preview of a chart with URLs for LLM embedding.

This tool generates or retrieves URLs ...
  - list_charts: List charts with advanced filtering, search, and metadata cache control.

Uses a clear request objec...
  - update_chart: Update an existing saved chart with new configuration.

This tool modifies a permanently saved chart...
  - update_chart_preview: Update a cached chart preview with new configuration without saving.

This tool modifies the cached ...
  - add_chart_to_existing_dashboard: Add a chart to an existing dashboard.

This tool adds the specified chart to an existing dashboard, ...
  - generate_dashboard: Generate a new dashboard with the specified charts.

This tool creates a dashboard with the provided...
  - get_dashboard_available_filters: Get information about available dashboard filters and their operators
Returns:
    DashboardAvailabl...
  - get_dashboard_info: Get detailed information about a specific dashboard with metadata cache control.

Supports lookup by...
  - list_dashboards: List dashboards with advanced filtering, search, and metadata cache control.

Uses a clear request o...
  - get_dataset_available_filters: Dynamically get information about available dataset filters and their operators.
Custom fields suppo...
  - get_dataset_info: Get detailed information about a specific dataset with metadata cache control.

Supports lookup by:
...
  - list_datasets: List datasets with advanced filtering, search, and metadata cache control.

Datasets are sorted by f...
  - generate_explore_link: Generate a Superset explore URL for interactive data visualization and exploration.

🎯 PREFERRED TOO...
  - execute_sql: Execute SQL queries against Superset databases.

This tool provides direct SQL execution capabilitie...
  - open_sql_lab_with_context: Generate a URL to open SQL Lab with pre-populated context.

This tool creates a SQL Lab URL with the...
  - get_superset_instance_info: Get comprehensive high-level information about the Superset instance.

Uses a configurable InstanceI...
DEBUG: Anthropic API request: {'model': 'claude-3-5-haiku-20241022', 'max_tokens': 1000, 'messages': [{'role': 'user', 'content': 'List datasets'}], 'tools': [{'name': 'generate_chart', 'description': 'l    Create and SAVE a new chart in Superset with enhanced validation and\nsecurity features.\n\n    This tool creates a permanent chart in Superset with comprehensive 5-layer\n    validation\n    pipeline to prevent common errors and security issues identified in testing:\n\n    SECURITY FEATURES (CRITICAL):\n    - Input sanitization prevents XSS attacks (HTML/script tag filtering)\n    - SQL injection protection for column names and filter values\n    - Malicious content detection and rejection\n\n    VALIDATION LAYERS:\n    1. Pydantic Schema Validation - Type checking and required field validation\n    2. Business Logic Validation - Cache parameters, preview formats, structure\n    3. Dataset Schema Validation - Column existence, fuzzy matching suggestions\n    4. Superset Compatibility - Label conflicts, naming restrictions\n    5. Runtime Preview Validation - Form data generation and empty chart detection\n\n    ENHANCED ERROR HANDLING:\n    - Context-aware error messages instead of generic Pydantic errors\n    - Specific suggestions for missing fields (e.g., "Missing \'y\' field for XY\n    charts")\n    - Aggregate function validation with type compatibility checking\n    - Dataset column suggestions using fuzzy matching\n    - Clear distinction between table and XY chart requirements\n\n    IMPORTANT FOR LLM CLIENTS:\n    - ALWAYS display the returned chart URL (e.g., "Chart created! View at: {url}")\n    - When preview_url is returned, embed it as an image: ![Chart Preview](\n    preview_url)\n    - Display the explore_url for users to edit the chart interactively\n    - Check the \'error\' field for validation failures with detailed suggestions\n\n    Enhanced features:\n    - Generates chart preview images for embedding in LLM conversations\n    - Returns explore URL for interactive editing after creation\n    - Supports multiple preview formats (url, ascii, table)\n    - Rich semantic analysis and capabilities metadata\n    - Enhanced form_data caching for better explore experience\n    - Comprehensive error handling with contextual suggestions\n\n    Default behavior (save_chart=True):\n    - Permanently saves chart in Superset after validation\n    - Generates preview images\n    - Returns chart ID and metadata\n    - Provides explore URL for further editing\n\n    Optional behavior (save_chart=False):\n    - Creates temporary visualization only after validation\n    - Caches configuration server-side\n    - Returns preview + explore link\n    - No permanent chart saved\n\n    COMMON ERRORS PREVENTED:\n    - Security: Script injection in labels ("<script>alert(\'xss\')</script>" now\n    rejected)\n    - Validation: Invalid aggregation functions ("INVALID_AGG" caught at schema\n    level)\n    - Runtime: Empty Y-axis arrays that create meaningless charts (detected early)\n    - Runtime: Empty column arrays that display no data (pre-validated)\n    - Business Logic: Negative cache timeouts (validated before processing)\n    - Dataset: Column/aggregate type mismatches (compatibility checked)\n    - User Experience: Generic "\'table\' was expected" errors (now context-specific)\n\n    Args:\n        request: Chart creation request with dataset_id, config, save_chart flag,\n            and preview options\n\n    Returns:\n        Response with saved chart info, preview images, explore URL, or detailed\n        error info', 'input_schema': {'$defs': {'AxisConfig': {'properties': {'title': {'anyOf': [{'maxLength': 200, 'type': 'string'}, {'type': 'null'}], 'default': None, 'description': 'Axis title', 'title': 'Title'}, 'scale': {'anyOf': [{'enum': ['linear', 'log'], 'type': 'string'}, {'type': 'null'}], 'default': 'linear', 'description': 'Axis scale type', 'title': 'Scale'}, 'format': {'anyOf': [{'maxLength': 50, 'type': 'string'}, {'type': 'null'}], 'default': None, 'description': "Format string (e.g. '$,.2f')", 'title': 'Format'}}, 'title': 'AxisConfig', 'type': 'object'}, 'ColumnRef': {'properties': {'name': {'description': 'Column name', 'maxLength': 255, 'minLength': 1, 'pattern': '^[a-zA-Z0-9_][a-zA-Z0-9_\\s\\-\\.]*$', 'title': 'Name', 'type': 'string'}, 'label': {'anyOf': [{'maxLength': 500, 'type': 'string'}, {'type': 'null'}], 'default': None, 'description': 'Display label for the column', 'title': 'Label'}, 'dtype': {'anyOf': [{'type': 'string'}, {'type': 'null'}], 'default': None, 'description': 'Data type hint', 'title': 'Dtype'}, 'aggregate': {'anyOf': [{'enum': ['SUM', 'COUNT', 'AVG', 'MIN', 'MAX', 'COUNT_DISTINCT', 'STDDEV', 'VAR', 'MEDIAN', 'PERCENTILE'], 'type': 'string'}, {'type': 'null'}], 'default': None, 'description': 'SQL aggregation function. Only these validated functions are supported to prevent SQL errors.', 'title': 'Aggregate'}}, 'required': ['name'], 'title': 'ColumnRef', 'type': 'object'}, 'FilterConfig': {'properties': {'column': {'description': 'Column to filter on', 'maxLength': 255, 'minLength': 1, 'title': 'Column', 'type': 'string'}, 'op': {'description': 'Filter operator', 'enum': ['=', '>', '<', '>=', '<=', '!='], 'title': 'Op', 'type': 'string'}, 'value': {'anyOf': [{'type': 'string'}, {'type': 'integer'}, {'type': 'number'}, {'type': 'boolean'}], 'description': 'Filter value', 'title': 'Value'}}, 'required': ['column', 'op', 'value'], 'title': 'FilterConfig', 'type': 'object'}, 'GenerateChartRequest': {'properties': {'use_cache': {'default': True, 'description': "Whether to use Superset's cache layers. When True, will serve from cache if available (query results, metadata, form data). When False, will bypass cache and fetch fresh data.", 'title': 'Use Cache', 'type': 'boolean'}, 'force_refresh': {'default': False, 'description': 'Whether to force refresh cached data. When True, will invalidate existing cache entries and fetch fresh data, then update the cache. Overrides use_cache=True if both are specified.', 'title': 'Force Refresh', 'type': 'boolean'}, 'cache_timeout': {'anyOf': [{'type': 'integer'}, {'type': 'null'}], 'default': None, 'description': 'Override the default cache timeout in seconds for this query. If not specified, uses dataset-level or global cache settings. Set to 0 to disable caching for this specific query.', 'title': 'Cache Timeout'}, 'dataset_id': {'anyOf': [{'type': 'integer'}, {'type': 'string'}], 'description': 'Dataset identifier (ID, UUID)', 'title': 'Dataset Id'}, 'config': {'description': 'Chart configuration', 'discriminator': {'mapping': {'table': '#/$defs/TableChartConfig', 'xy': '#/$defs/XYChartConfig'}, 'propertyName': 'chart_type'}, 'oneOf': [{'$ref': '#/$defs/XYChartConfig'}, {'$ref': '#/$defs/TableChartConfig'}], 'title': 'Config'}, 'save_chart': {'default': True, 'description': 'Whether to permanently save the chart in Superset', 'title': 'Save Chart', 'type': 'boolean'}, 'generate_preview': {'default': True, 'description': 'Whether to generate a preview image', 'title': 'Generate Preview', 'type': 'boolean'}, 'preview_formats': {'description': 'List of preview formats to generate', 'items': {'enum': ['url', 'interactive', 'ascii', 'vega_lite', 'table', 'base64'], 'type': 'string'}, 'title': 'Preview Formats', 'type': 'array'}}, 'required': ['dataset_id', 'config'], 'title': 'GenerateChartRequest', 'type': 'object'}, 'LegendConfig': {'properties': {'show': {'default': True, 'description': 'Whether to show legend', 'title': 'Show', 'type': 'boolean'}, 'position': {'anyOf': [{'enum': ['top', 'bottom', 'left', 'right'], 'type': 'string'}, {'type': 'null'}], 'default': 'right', 'description': 'Legend position', 'title': 'Position'}}, 'title': 'LegendConfig', 'type': 'object'}, 'TableChartConfig': {'properties': {'chart_type': {'const': 'table', 'default': 'table', 'description': 'Chart type', 'title': 'Chart Type', 'type': 'string'}, 'columns': {'description': "Columns to display. Must have at least one column. Each column must have a unique label (either explicitly set via 'label' field or auto-generated from name/aggregate)", 'items': {'$ref': '#/$defs/ColumnRef'}, 'minItems': 1, 'title': 'Columns', 'type': 'array'}, 'filters': {'anyOf': [{'items': {'$ref': '#/$defs/FilterConfig'}, 'type': 'array'}, {'type': 'null'}], 'default': None, 'description': 'Filters to apply', 'title': 'Filters'}, 'sort_by': {'anyOf': [{'items': {'type': 'string'}, 'type': 'array'}, {'type': 'null'}], 'default': None, 'description': 'Columns to sort by', 'title': 'Sort By'}}, 'required': ['columns'], 'title': 'TableChartConfig', 'type': 'object'}, 'XYChartConfig': {'properties': {'chart_type': {'const': 'xy', 'default': 'xy', 'description': 'Chart type', 'title': 'Chart Type', 'type': 'string'}, 'x': {'$ref': '#/$defs/ColumnRef', 'description': 'X-axis column'}, 'y': {'description': "Y-axis columns (metrics). Must have at least one Y-axis column. Each column must have a unique label that doesn't conflict with x-axis or group_by labels", 'items': {'$ref': '#/$defs/ColumnRef'}, 'minItems': 1, 'title': 'Y', 'type': 'array'}, 'kind': {'default': 'line', 'description': 'Chart visualization type', 'enum': ['line', 'bar', 'area', 'scatter'], 'title': 'Kind', 'type': 'string'}, 'group_by': {'anyOf': [{'$ref': '#/$defs/ColumnRef'}, {'type': 'null'}], 'default': None, 'description': 'Column to group by'}, 'x_axis': {'anyOf': [{'$ref': '#/$defs/AxisConfig'}, {'type': 'null'}], 'default': None, 'description': 'X-axis configuration'}, 'y_axis': {'anyOf': [{'$ref': '#/$defs/AxisConfig'}, {'type': 'null'}], 'default': None, 'description': 'Y-axis configuration'}, 'legend': {'anyOf': [{'$ref': '#/$defs/LegendConfig'}, {'type': 'null'}], 'default': None, 'description': 'Legend configuration'}, 'filters': {'anyOf': [{'items': {'$ref': '#/$defs/FilterConfig'}, 'type': 'array'}, {'type': 'null'}], 'default': None, 'description': 'Filters to apply', 'title': 'Filters'}}, 'required': ['x', 'y'], 'title': 'XYChartConfig', 'type': 'object'}}, 'properties': {'request': {'$ref': '#/$defs/GenerateChartRequest', 'title': 'Request'}}, 'required': ['request'], 'type': 'object'}}, {'name': 'get_chart_available_filters', 'description': 'Return available chart filter fields, types, and supported operators (MCP tool).', 'input_schema': {'$defs': {'GetChartAvailableFiltersRequest': {'description': 'Request schema for get_chart_available_filters tool.\n\nCurrently has no parameters but provides consistent API for future extensibility.', 'properties': {}, 'title': 'GetChartAvailableFiltersRequest', 'type': 'object'}}, 'properties': {'request': {'$ref': '#/$defs/GetChartAvailableFiltersRequest', 'title': 'Request'}}, 'required': ['request'], 'type': 'object'}}, {'name': 'get_chart_data', 'description': 'Get the underlying data for a chart with advanced cache control.\n\nThis tool returns the actual data behind a chart, making it easy for LLM clients\nto understand and describe the chart contents without needing image rendering.\n\nSupports lookup by:\n- Numeric ID (e.g., 123)\n- UUID string (e.g., "a1b2c3d4-e5f6-7890-abcd-ef1234567890")\n\nCache Control Features:\n- use_cache: Whether to use Superset\'s query result cache\n- force_refresh: Force refresh cached data\n- cache_timeout: Override default cache timeout for this query\n\nReturns chart data in a structured format with summary and detailed cache status.', 'input_schema': {'$defs': {'GetChartDataRequest': {'description': 'Request for chart data with cache control.', 'properties': {'use_cache': {'default': True, 'description': "Whether to use Superset's cache layers. When True, will serve from cache if available (query results, metadata, form data). When False, will bypass cache and fetch fresh data.", 'title': 'Use Cache', 'type': 'boolean'}, 'force_refresh': {'default': False, 'description': 'Whether to force refresh cached data. When True, will invalidate existing cache entries and fetch fresh data, then update the cache. Overrides use_cache=True if both are specified.', 'title': 'Force Refresh', 'type': 'boolean'}, 'cache_timeout': {'anyOf': [{'type': 'integer'}, {'type': 'null'}], 'default': None, 'description': 'Override the default cache timeout in seconds for this query. If not specified, uses dataset-level or global cache settings. Set to 0 to disable caching for this specific query.', 'title': 'Cache Timeout'}, 'identifier': {'anyOf': [{'type': 'integer'}, {'type': 'string'}], 'description': 'Chart identifier (ID, UUID)', 'title': 'Identifier'}, 'limit': {'anyOf': [{'type': 'integer'}, {'type': 'null'}], 'default': 100, 'description': 'Maximum number of data rows to return', 'title': 'Limit'}, 'format': {'default': 'json', 'description': 'Data export format', 'enum': ['json', 'csv', 'excel'], 'title': 'Format', 'type': 'string'}}, 'required': ['identifier'], 'title': 'GetChartDataRequest', 'type': 'object'}}, 'properties': {'request': {'$ref': '#/$defs/GetChartDataRequest', 'title': 'Request'}}, 'required': ['request'], 'type': 'object'}}, {'name': 'get_chart_info', 'description': 'Get detailed information about a specific chart with metadata cache control.\n\nIMPORTANT FOR LLM CLIENTS:\n- ALWAYS display the chart URL when returned (e.g., "View chart at: {url}")\n- The URL field contains the chart\'s screenshot URL for preview\n\nSupports lookup by:\n- Numeric ID (e.g., 123)\n- UUID string (e.g., "a1b2c3d4-e5f6-7890-abcd-ef1234567890")\n\nMetadata Cache Control:\n- use_cache: Whether to use metadata cache for faster responses\n- refresh_metadata: Force refresh of metadata cache for fresh data\n\nReturns a ChartInfo model or ChartError on error.', 'input_schema': {'$defs': {'GetChartInfoRequest': {'description': 'Request schema for get_chart_info with support for ID or UUID.', 'properties': {'identifier': {'anyOf': [{'type': 'integer'}, {'type': 'string'}], 'description': 'Chart identifier - can be numeric ID or UUID string', 'title': 'Identifier'}}, 'required': ['identifier'], 'title': 'GetChartInfoRequest', 'type': 'object'}}, 'properties': {'request': {'$ref': '#/$defs/GetChartInfoRequest', 'title': 'Request'}}, 'required': ['request'], 'type': 'object'}}, {'name': 'get_chart_preview', 'description': 'Get a visual preview of a chart with URLs for LLM embedding.\n\nThis tool generates or retrieves URLs for chart images that can be\ndisplayed directly in LLM clients. The URLs point to Superset\'s\nscreenshot endpoints for proper image serving.\n\nIMPORTANT FOR LLM CLIENTS:\n- ALWAYS display the preview_url when format="url"\n- Embed URL previews as images: ![Chart Preview](preview_url)\n- For ASCII/table formats, display the content in a code block\n- Show the explore_url so users can edit the chart\n\nSupports lookup by:\n- Numeric ID (e.g., 123)\n- UUID string (e.g., "a1b2c3d4-e5f6-7890-abcd-ef1234567890")\n\nSupported formats:\n- "url": Returns preview_url for image embedding\n- "ascii": Returns ASCII art representation\n- "table": Returns tabular data preview\n\nReturns a ChartPreview with Superset URLs for the chart image or\nChartError on error.', 'input_schema': {'$defs': {'GetChartPreviewRequest': {'description': 'Request for chart preview with cache control.', 'properties': {'use_cache': {'default': True, 'description': "Whether to use Superset's cache layers. When True, will serve from cache if available (query results, metadata, form data). When False, will bypass cache and fetch fresh data.", 'title': 'Use Cache', 'type': 'boolean'}, 'force_refresh': {'default': False, 'description': 'Whether to force refresh cached data. When True, will invalidate existing cache entries and fetch fresh data, then update the cache. Overrides use_cache=True if both are specified.', 'title': 'Force Refresh', 'type': 'boolean'}, 'cache_timeout': {'anyOf': [{'type': 'integer'}, {'type': 'null'}], 'default': None, 'description': 'Override the default cache timeout in seconds for this query. If not specified, uses dataset-level or global cache settings. Set to 0 to disable caching for this specific query.', 'title': 'Cache Timeout'}, 'identifier': {'anyOf': [{'type': 'integer'}, {'type': 'string'}], 'description': 'Chart identifier (ID, UUID)', 'title': 'Identifier'}, 'format': {'default': 'url', 'description': "Preview format: 'url' for image URL, 'ascii' for text art, 'table' for data table, 'base64' for embedded image, 'vega_lite' for interactive JSON specification", 'enum': ['url', 'ascii', 'table', 'base64', 'vega_lite'], 'title': 'Format', 'type': 'string'}, 'width': {'anyOf': [{'type': 'integer'}, {'type': 'null'}], 'default': 800, 'description': 'Preview image width in pixels (for url/base64 formats)', 'title': 'Width'}, 'height': {'anyOf': [{'type': 'integer'}, {'type': 'null'}], 'default': 600, 'description': 'Preview image height in pixels (for url/base64 formats)', 'title': 'Height'}, 'ascii_width': {'anyOf': [{'type': 'integer'}, {'type': 'null'}], 'default': 80, 'description': 'ASCII chart width in characters (for ascii format)', 'title': 'Ascii Width'}, 'ascii_height': {'anyOf': [{'type': 'integer'}, {'type': 'null'}], 'default': 20, 'description': 'ASCII chart height in lines (for ascii format)', 'title': 'Ascii Height'}}, 'required': ['identifier'], 'title': 'GetChartPreviewRequest', 'type': 'object'}}, 'properties': {'request': {'$ref': '#/$defs/GetChartPreviewRequest', 'title': 'Request'}}, 'required': ['request'], 'type': 'object'}}, {'name': 'list_charts', 'description': 'List charts with advanced filtering, search, and metadata cache control.\n\nUses a clear request object schema to avoid validation ambiguity with\narrays/strings. All parameters are properly typed and have sensible defaults.\n\nIMPORTANT FOR LLM CLIENTS:\n- When charts have URL fields, ALWAYS display them (e.g., "View chart at: {url}")\n- Note: \'url\' is NOT in default columns - explicitly request it with select_columns\n- Example: select_columns=["id", "slice_name", "url"]\n\nSearch columns: slice_name, description\nSortable columns for order_column: id, slice_name, viz_type, datasource_name,\ndescription, changed_on, created_on\n\nMetadata Cache Control:\n- use_cache: Whether to use metadata cache for faster responses\n- refresh_metadata: Force refresh of metadata cache for fresh data\n\nWhen refresh_metadata=True, the tool will fetch fresh metadata from the database\nwhich is useful when database schema has changed.', 'input_schema': {'$defs': {'ChartFilter': {'description': 'Filter object for chart listing.\ncol: The column to filter on. Must be one of the allowed filter fields.\nopr: The operator to use. Must be one of the supported operators.\nvalue: The value to filter by (type depends on col and opr).', 'properties': {'col': {'description': 'Column to filter on. See get_chart_available_filters for allowed values.', 'enum': ['slice_name', 'viz_type', 'datasource_name'], 'title': 'Col', 'type': 'string'}, 'opr': {'$ref': '#/$defs/ColumnOperatorEnum', 'description': 'Operator to use. See get_chart_available_filters for allowed values.'}, 'value': {'anyOf': [{'type': 'string'}, {'type': 'integer'}, {'type': 'number'}, {'type': 'boolean'}, {'items': {'anyOf': [{'type': 'string'}, {'type': 'integer'}, {'type': 'number'}, {'type': 'boolean'}]}, 'type': 'array'}], 'description': 'Value to filter by (type depends on col and opr)', 'title': 'Value'}}, 'required': ['col', 'opr', 'value'], 'title': 'ChartFilter', 'type': 'object'}, 'ColumnOperatorEnum': {'enum': ['eq', 'ne', 'sw', 'ew', 'in', 'nin', 'gt', 'gte', 'lt', 'lte', 'like', 'ilike', 'is_null', 'is_not_null'], 'title': 'ColumnOperatorEnum', 'type': 'string'}, 'ListChartsRequest': {'description': 'Request schema for list_charts with clear, unambiguous types.', 'properties': {'use_cache': {'default': True, 'description': "Whether to use Superset's cache layers. When True, will serve from cache if available (query results, metadata, form data). When False, will bypass cache and fetch fresh data.", 'title': 'Use Cache', 'type': 'boolean'}, 'force_refresh': {'default': False, 'description': 'Whether to force refresh cached data. When True, will invalidate existing cache entries and fetch fresh data, then update the cache. Overrides use_cache=True if both are specified.', 'title': 'Force Refresh', 'type': 'boolean'}, 'refresh_metadata': {'default': False, 'description': 'Whether to refresh metadata cache for datasets, tables, and columns. Useful when database schema has changed and you need fresh metadata.', 'title': 'Refresh Metadata', 'type': 'boolean'}, 'filters': {'description': "List of filter objects (column, operator, value). Each filter is an object with 'col', 'opr', and 'value' properties. Cannot be used together with 'search'.", 'items': {'$ref': '#/$defs/ChartFilter'}, 'title': 'Filters', 'type': 'array'}, 'select_columns': {'description': 'List of columns to select. Defaults to common columns if not specified.', 'items': {'type': 'string'}, 'title': 'Select Columns', 'type': 'array'}, 'search': {'anyOf': [{'type': 'string'}, {'type': 'null'}], 'default': None, 'description': "Text search string to match against chart fields. Cannot be used together with 'filters'.", 'title': 'Search'}, 'order_column': {'anyOf': [{'type': 'string'}, {'type': 'null'}], 'default': None, 'description': 'Column to order results by', 'title': 'Order Column'}, 'order_direction': {'default': 'asc', 'description': "Direction to order results ('asc' or 'desc')", 'enum': ['asc', 'desc'], 'title': 'Order Direction', 'type': 'string'}, 'page': {'default': 1, 'description': 'Page number for pagination (1-based)', 'exclusiveMinimum': 0, 'title': 'Page', 'type': 'integer'}, 'page_size': {'default': 100, 'description': 'Number of items per page', 'exclusiveMinimum': 0, 'title': 'Page Size', 'type': 'integer'}}, 'title': 'ListChartsRequest', 'type': 'object'}}, 'properties': {'request': {'$ref': '#/$defs/ListChartsRequest', 'title': 'Request'}}, 'required': ['request'], 'type': 'object'}}, {'name': 'update_chart', 'description': 'Update an existing saved chart with new configuration.\n\nThis tool modifies a permanently saved chart in Superset with new settings,\nfilters, or visualization parameters. The chart must already exist (created\nvia generate_chart with save_chart=True).\n\nIMPORTANT FOR LLM CLIENTS:\n- ALWAYS display the updated chart URL (e.g., "Chart updated! View at: {url}")\n- When preview_url is returned, embed it as an image: ![Updated Chart](preview_url)\n- Display the explore_url for users to further edit the chart\n\nUse this tool when:\n- User wants to modify an existing saved chart\n- Updating chart title, filters, or visualization settings\n- Changing chart type or data columns for a saved chart\n\nArgs:\n    request: Chart update request with chart identifier, new config,\n        and optional preview generation\n\nReturns:\n    Response with updated chart info, preview images, and explore URL', 'input_schema': {'$defs': {'AxisConfig': {'properties': {'title': {'anyOf': [{'maxLength': 200, 'type': 'string'}, {'type': 'null'}], 'default': None, 'description': 'Axis title', 'title': 'Title'}, 'scale': {'anyOf': [{'enum': ['linear', 'log'], 'type': 'string'}, {'type': 'null'}], 'default': 'linear', 'description': 'Axis scale type', 'title': 'Scale'}, 'format': {'anyOf': [{'maxLength': 50, 'type': 'string'}, {'type': 'null'}], 'default': None, 'description': "Format string (e.g. '$,.2f')", 'title': 'Format'}}, 'title': 'AxisConfig', 'type': 'object'}, 'ColumnRef': {'properties': {'name': {'description': 'Column name', 'maxLength': 255, 'minLength': 1, 'pattern': '^[a-zA-Z0-9_][a-zA-Z0-9_\\s\\-\\.]*$', 'title': 'Name', 'type': 'string'}, 'label': {'anyOf': [{'maxLength': 500, 'type': 'string'}, {'type': 'null'}], 'default': None, 'description': 'Display label for the column', 'title': 'Label'}, 'dtype': {'anyOf': [{'type': 'string'}, {'type': 'null'}], 'default': None, 'description': 'Data type hint', 'title': 'Dtype'}, 'aggregate': {'anyOf': [{'enum': ['SUM', 'COUNT', 'AVG', 'MIN', 'MAX', 'COUNT_DISTINCT', 'STDDEV', 'VAR', 'MEDIAN', 'PERCENTILE'], 'type': 'string'}, {'type': 'null'}], 'default': None, 'description': 'SQL aggregation function. Only these validated functions are supported to prevent SQL errors.', 'title': 'Aggregate'}}, 'required': ['name'], 'title': 'ColumnRef', 'type': 'object'}, 'FilterConfig': {'properties': {'column': {'description': 'Column to filter on', 'maxLength': 255, 'minLength': 1, 'title': 'Column', 'type': 'string'}, 'op': {'description': 'Filter operator', 'enum': ['=', '>', '<', '>=', '<=', '!='], 'title': 'Op', 'type': 'string'}, 'value': {'anyOf': [{'type': 'string'}, {'type': 'integer'}, {'type': 'number'}, {'type': 'boolean'}], 'description': 'Filter value', 'title': 'Value'}}, 'required': ['column', 'op', 'value'], 'title': 'FilterConfig', 'type': 'object'}, 'LegendConfig': {'properties': {'show': {'default': True, 'description': 'Whether to show legend', 'title': 'Show', 'type': 'boolean'}, 'position': {'anyOf': [{'enum': ['top', 'bottom', 'left', 'right'], 'type': 'string'}, {'type': 'null'}], 'default': 'right', 'description': 'Legend position', 'title': 'Position'}}, 'title': 'LegendConfig', 'type': 'object'}, 'TableChartConfig': {'properties': {'chart_type': {'const': 'table', 'default': 'table', 'description': 'Chart type', 'title': 'Chart Type', 'type': 'string'}, 'columns': {'description': "Columns to display. Must have at least one column. Each column must have a unique label (either explicitly set via 'label' field or auto-generated from name/aggregate)", 'items': {'$ref': '#/$defs/ColumnRef'}, 'minItems': 1, 'title': 'Columns', 'type': 'array'}, 'filters': {'anyOf': [{'items': {'$ref': '#/$defs/FilterConfig'}, 'type': 'array'}, {'type': 'null'}], 'default': None, 'description': 'Filters to apply', 'title': 'Filters'}, 'sort_by': {'anyOf': [{'items': {'type': 'string'}, 'type': 'array'}, {'type': 'null'}], 'default': None, 'description': 'Columns to sort by', 'title': 'Sort By'}}, 'required': ['columns'], 'title': 'TableChartConfig', 'type': 'object'}, 'UpdateChartRequest': {'properties': {'use_cache': {'default': True, 'description': "Whether to use Superset's cache layers. When True, will serve from cache if available (query results, metadata, form data). When False, will bypass cache and fetch fresh data.", 'title': 'Use Cache', 'type': 'boolean'}, 'force_refresh': {'default': False, 'description': 'Whether to force refresh cached data. When True, will invalidate existing cache entries and fetch fresh data, then update the cache. Overrides use_cache=True if both are specified.', 'title': 'Force Refresh', 'type': 'boolean'}, 'cache_timeout': {'anyOf': [{'type': 'integer'}, {'type': 'null'}], 'default': None, 'description': 'Override the default cache timeout in seconds for this query. If not specified, uses dataset-level or global cache settings. Set to 0 to disable caching for this specific query.', 'title': 'Cache Timeout'}, 'identifier': {'anyOf': [{'type': 'integer'}, {'type': 'string'}], 'description': 'Chart identifier (ID, UUID)', 'title': 'Identifier'}, 'config': {'description': 'New chart configuration', 'discriminator': {'mapping': {'table': '#/$defs/TableChartConfig', 'xy': '#/$defs/XYChartConfig'}, 'propertyName': 'chart_type'}, 'oneOf': [{'$ref': '#/$defs/XYChartConfig'}, {'$ref': '#/$defs/TableChartConfig'}], 'title': 'Config'}, 'chart_name': {'anyOf': [{'maxLength': 255, 'type': 'string'}, {'type': 'null'}], 'default': None, 'description': 'New chart name (optional, will auto-generate if not provided)', 'title': 'Chart Name'}, 'generate_preview': {'default': True, 'description': 'Whether to generate a preview after updating', 'title': 'Generate Preview', 'type': 'boolean'}, 'preview_formats': {'description': 'List of preview formats to generate', 'items': {'enum': ['url', 'interactive', 'ascii', 'vega_lite', 'table', 'base64'], 'type': 'string'}, 'title': 'Preview Formats', 'type': 'array'}}, 'required': ['identifier', 'config'], 'title': 'UpdateChartRequest', 'type': 'object'}, 'XYChartConfig': {'properties': {'chart_type': {'const': 'xy', 'default': 'xy', 'description': 'Chart type', 'title': 'Chart Type', 'type': 'string'}, 'x': {'$ref': '#/$defs/ColumnRef', 'description': 'X-axis column'}, 'y': {'description': "Y-axis columns (metrics). Must have at least one Y-axis column. Each column must have a unique label that doesn't conflict with x-axis or group_by labels", 'items': {'$ref': '#/$defs/ColumnRef'}, 'minItems': 1, 'title': 'Y', 'type': 'array'}, 'kind': {'default': 'line', 'description': 'Chart visualization type', 'enum': ['line', 'bar', 'area', 'scatter'], 'title': 'Kind', 'type': 'string'}, 'group_by': {'anyOf': [{'$ref': '#/$defs/ColumnRef'}, {'type': 'null'}], 'default': None, 'description': 'Column to group by'}, 'x_axis': {'anyOf': [{'$ref': '#/$defs/AxisConfig'}, {'type': 'null'}], 'default': None, 'description': 'X-axis configuration'}, 'y_axis': {'anyOf': [{'$ref': '#/$defs/AxisConfig'}, {'type': 'null'}], 'default': None, 'description': 'Y-axis configuration'}, 'legend': {'anyOf': [{'$ref': '#/$defs/LegendConfig'}, {'type': 'null'}], 'default': None, 'description': 'Legend configuration'}, 'filters': {'anyOf': [{'items': {'$ref': '#/$defs/FilterConfig'}, 'type': 'array'}, {'type': 'null'}], 'default': None, 'description': 'Filters to apply', 'title': 'Filters'}}, 'required': ['x', 'y'], 'title': 'XYChartConfig', 'type': 'object'}}, 'properties': {'request': {'$ref': '#/$defs/UpdateChartRequest', 'title': 'Request'}}, 'required': ['request'], 'type': 'object'}}, {'name': 'update_chart_preview', 'description': 'Update a cached chart preview with new configuration without saving.\n\nThis tool modifies the cached form_data for a chart preview (created via\ngenerate_chart with save_chart=False) and returns a new preview with updated\nconfiguration. The original form_data_key is invalidated and a new one is\ncreated.\n\nIMPORTANT FOR LLM CLIENTS:\n- ALWAYS display the explore_url for users to view/edit the preview\n- When preview_url is returned, embed it as an image: ![Chart Preview](preview_url)\n- Mention that this is a preview, not a saved chart\n\nUse this tool when:\n- User wants to modify a chart preview before deciding to save\n- Iterating on chart design without creating permanent charts\n- Testing different visualization configurations\n- Updating filters, chart type, or data columns for previews\n\nArgs:\n    request: Chart preview update request with form_data_key, dataset_id,\n        new config, and optional preview generation\n\nReturns:\n    Response with new form_data_key, preview images, and explore URL', 'input_schema': {'$defs': {'AxisConfig': {'properties': {'title': {'anyOf': [{'maxLength': 200, 'type': 'string'}, {'type': 'null'}], 'default': None, 'description': 'Axis title', 'title': 'Title'}, 'scale': {'anyOf': [{'enum': ['linear', 'log'], 'type': 'string'}, {'type': 'null'}], 'default': 'linear', 'description': 'Axis scale type', 'title': 'Scale'}, 'format': {'anyOf': [{'maxLength': 50, 'type': 'string'}, {'type': 'null'}], 'default': None, 'description': "Format string (e.g. '$,.2f')", 'title': 'Format'}}, 'title': 'AxisConfig', 'type': 'object'}, 'ColumnRef': {'properties': {'name': {'description': 'Column name', 'maxLength': 255, 'minLength': 1, 'pattern': '^[a-zA-Z0-9_][a-zA-Z0-9_\\s\\-\\.]*$', 'title': 'Name', 'type': 'string'}, 'label': {'anyOf': [{'maxLength': 500, 'type': 'string'}, {'type': 'null'}], 'default': None, 'description': 'Display label for the column', 'title': 'Label'}, 'dtype': {'anyOf': [{'type': 'string'}, {'type': 'null'}], 'default': None, 'description': 'Data type hint', 'title': 'Dtype'}, 'aggregate': {'anyOf': [{'enum': ['SUM', 'COUNT', 'AVG', 'MIN', 'MAX', 'COUNT_DISTINCT', 'STDDEV', 'VAR', 'MEDIAN', 'PERCENTILE'], 'type': 'string'}, {'type': 'null'}], 'default': None, 'description': 'SQL aggregation function. Only these validated functions are supported to prevent SQL errors.', 'title': 'Aggregate'}}, 'required': ['name'], 'title': 'ColumnRef', 'type': 'object'}, 'FilterConfig': {'properties': {'column': {'description': 'Column to filter on', 'maxLength': 255, 'minLength': 1, 'title': 'Column', 'type': 'string'}, 'op': {'description': 'Filter operator', 'enum': ['=', '>', '<', '>=', '<=', '!='], 'title': 'Op', 'type': 'string'}, 'value': {'anyOf': [{'type': 'string'}, {'type': 'integer'}, {'type': 'number'}, {'type': 'boolean'}], 'description': 'Filter value', 'title': 'Value'}}, 'required': ['column', 'op', 'value'], 'title': 'FilterConfig', 'type': 'object'}, 'LegendConfig': {'properties': {'show': {'default': True, 'description': 'Whether to show legend', 'title': 'Show', 'type': 'boolean'}, 'position': {'anyOf': [{'enum': ['top', 'bottom', 'left', 'right'], 'type': 'string'}, {'type': 'null'}], 'default': 'right', 'description': 'Legend position', 'title': 'Position'}}, 'title': 'LegendConfig', 'type': 'object'}, 'TableChartConfig': {'properties': {'chart_type': {'const': 'table', 'default': 'table', 'description': 'Chart type', 'title': 'Chart Type', 'type': 'string'}, 'columns': {'description': "Columns to display. Must have at least one column. Each column must have a unique label (either explicitly set via 'label' field or auto-generated from name/aggregate)", 'items': {'$ref': '#/$defs/ColumnRef'}, 'minItems': 1, 'title': 'Columns', 'type': 'array'}, 'filters': {'anyOf': [{'items': {'$ref': '#/$defs/FilterConfig'}, 'type': 'array'}, {'type': 'null'}], 'default': None, 'description': 'Filters to apply', 'title': 'Filters'}, 'sort_by': {'anyOf': [{'items': {'type': 'string'}, 'type': 'array'}, {'type': 'null'}], 'default': None, 'description': 'Columns to sort by', 'title': 'Sort By'}}, 'required': ['columns'], 'title': 'TableChartConfig', 'type': 'object'}, 'UpdateChartPreviewRequest': {'properties': {'use_cache': {'default': True, 'description': "Whether to use Superset's cache layers. When True, will serve from cache if available (query results, metadata, form data). When False, will bypass cache and fetch fresh data.", 'title': 'Use Cache', 'type': 'boolean'}, 'force_refresh': {'default': False, 'description': 'Whether to force refresh cached data. When True, will invalidate existing cache entries and fetch fresh data, then update the cache. Overrides use_cache=True if both are specified.', 'title': 'Force Refresh', 'type': 'boolean'}, 'cache_form_data': {'default': True, 'description': 'Whether to cache the form data configuration for future use. When False, generates temporary configurations that are not cached.', 'title': 'Cache Form Data', 'type': 'boolean'}, 'form_data_key': {'description': 'Existing form_data_key to update', 'title': 'Form Data Key', 'type': 'string'}, 'dataset_id': {'anyOf': [{'type': 'integer'}, {'type': 'string'}], 'description': 'Dataset identifier (ID, UUID)', 'title': 'Dataset Id'}, 'config': {'description': 'New chart configuration', 'discriminator': {'mapping': {'table': '#/$defs/TableChartConfig', 'xy': '#/$defs/XYChartConfig'}, 'propertyName': 'chart_type'}, 'oneOf': [{'$ref': '#/$defs/XYChartConfig'}, {'$ref': '#/$defs/TableChartConfig'}], 'title': 'Config'}, 'generate_preview': {'default': True, 'description': 'Whether to generate a preview after updating', 'title': 'Generate Preview', 'type': 'boolean'}, 'preview_formats': {'description': 'List of preview formats to generate', 'items': {'enum': ['url', 'interactive', 'ascii', 'vega_lite', 'table', 'base64'], 'type': 'string'}, 'title': 'Preview Formats', 'type': 'array'}}, 'required': ['form_data_key', 'dataset_id', 'config'], 'title': 'UpdateChartPreviewRequest', 'type': 'object'}, 'XYChartConfig': {'properties': {'chart_type': {'const': 'xy', 'default': 'xy', 'description': 'Chart type', 'title': 'Chart Type', 'type': 'string'}, 'x': {'$ref': '#/$defs/ColumnRef', 'description': 'X-axis column'}, 'y': {'description': "Y-axis columns (metrics). Must have at least one Y-axis column. Each column must have a unique label that doesn't conflict with x-axis or group_by labels", 'items': {'$ref': '#/$defs/ColumnRef'}, 'minItems': 1, 'title': 'Y', 'type': 'array'}, 'kind': {'default': 'line', 'description': 'Chart visualization type', 'enum': ['line', 'bar', 'area', 'scatter'], 'title': 'Kind', 'type': 'string'}, 'group_by': {'anyOf': [{'$ref': '#/$defs/ColumnRef'}, {'type': 'null'}], 'default': None, 'description': 'Column to group by'}, 'x_axis': {'anyOf': [{'$ref': '#/$defs/AxisConfig'}, {'type': 'null'}], 'default': None, 'description': 'X-axis configuration'}, 'y_axis': {'anyOf': [{'$ref': '#/$defs/AxisConfig'}, {'type': 'null'}], 'default': None, 'description': 'Y-axis configuration'}, 'legend': {'anyOf': [{'$ref': '#/$defs/LegendConfig'}, {'type': 'null'}], 'default': None, 'description': 'Legend configuration'}, 'filters': {'anyOf': [{'items': {'$ref': '#/$defs/FilterConfig'}, 'type': 'array'}, {'type': 'null'}], 'default': None, 'description': 'Filters to apply', 'title': 'Filters'}}, 'required': ['x', 'y'], 'title': 'XYChartConfig', 'type': 'object'}}, 'properties': {'request': {'$ref': '#/$defs/UpdateChartPreviewRequest', 'title': 'Request'}}, 'required': ['request'], 'type': 'object'}}, {'name': 'add_chart_to_existing_dashboard', 'description': 'Add a chart to an existing dashboard.\n\nThis tool adds the specified chart to an existing dashboard, automatically\npositioning it in the layout. The chart will be placed in the next\navailable position using a 2-column grid layout.\n\nArgs:\n    request: AddChartToDashboardRequest with dashboard_id, chart_id, and\n            optional target_tab\n\nReturns:\n    AddChartToDashboardResponse with updated dashboard info and position', 'input_schema': {'$defs': {'AddChartToDashboardRequest': {'description': 'Request schema for adding a chart to an existing dashboard.', 'properties': {'dashboard_id': {'description': 'ID of the dashboard to add the chart to', 'title': 'Dashboard Id', 'type': 'integer'}, 'chart_id': {'description': 'ID of the chart to add to the dashboard', 'title': 'Chart Id', 'type': 'integer'}, 'target_tab': {'anyOf': [{'type': 'string'}, {'type': 'null'}], 'default': None, 'description': 'Target tab name (if dashboard has tabs)', 'title': 'Target Tab'}}, 'required': ['dashboard_id', 'chart_id'], 'title': 'AddChartToDashboardRequest', 'type': 'object'}}, 'properties': {'request': {'$ref': '#/$defs/AddChartToDashboardRequest', 'title': 'Request'}}, 'required': ['request'], 'type': 'object'}}, {'name': 'generate_dashboard', 'description': 'Generate a new dashboard with the specified charts.\n\nThis tool creates a dashboard with the provided charts arranged in a\nsimple 2-column grid layout. All charts must exist and be accessible\nto the current user.\n\nArgs:\n    request: GenerateDashboardRequest with chart_ids, title, and options\n\nReturns:\n    GenerateDashboardResponse with the created dashboard info and URL', 'input_schema': {'$defs': {'GenerateDashboardRequest': {'description': 'Request schema for generating a dashboard.', 'properties': {'chart_ids': {'description': 'List of chart IDs to include in the dashboard', 'items': {'type': 'integer'}, 'minItems': 1, 'title': 'Chart Ids', 'type': 'array'}, 'dashboard_title': {'description': 'Title for the new dashboard', 'title': 'Dashboard Title', 'type': 'string'}, 'description': {'anyOf': [{'type': 'string'}, {'type': 'null'}], 'default': None, 'description': 'Description for the dashboard', 'title': 'Description'}, 'published': {'default': True, 'description': 'Whether to publish the dashboard', 'title': 'Published', 'type': 'boolean'}}, 'required': ['chart_ids', 'dashboard_title'], 'title': 'GenerateDashboardRequest', 'type': 'object'}}, 'properties': {'request': {'$ref': '#/$defs/GenerateDashboardRequest', 'title': 'Request'}}, 'required': ['request'], 'type': 'object'}}, {'name': 'get_dashboard_available_filters', 'description': 'Get information about available dashboard filters and their operators\nReturns:\n    DashboardAvailableFilters', 'input_schema': {'$defs': {'GetDashboardAvailableFiltersRequest': {'description': 'Request schema for get_dashboard_available_filters tool.', 'properties': {}, 'title': 'GetDashboardAvailableFiltersRequest', 'type': 'object'}}, 'properties': {'request': {'$ref': '#/$defs/GetDashboardAvailableFiltersRequest', 'title': 'Request'}}, 'required': ['request'], 'type': 'object'}}, {'name': 'get_dashboard_info', 'description': 'Get detailed information about a specific dashboard with metadata cache control.\n\nSupports lookup by:\n- Numeric ID (e.g., 123)\n- UUID string (e.g., "a1b2c3d4-e5f6-7890-abcd-ef1234567890")\n- Slug string (e.g., "my-dashboard")\n\nMetadata Cache Control:\n- use_cache: Whether to use metadata cache for faster responses\n- refresh_metadata: Force refresh of metadata cache for fresh data\n\nReturns a DashboardInfo model or DashboardError on error.', 'input_schema': {'$defs': {'GetDashboardInfoRequest': {'description': 'Request schema for get_dashboard_info with support for ID, UUID, or slug.', 'properties': {'use_cache': {'default': True, 'description': "Whether to use Superset's cache layers. When True, will serve from cache if available (query results, metadata, form data). When False, will bypass cache and fetch fresh data.", 'title': 'Use Cache', 'type': 'boolean'}, 'force_refresh': {'default': False, 'description': 'Whether to force refresh cached data. When True, will invalidate existing cache entries and fetch fresh data, then update the cache. Overrides use_cache=True if both are specified.', 'title': 'Force Refresh', 'type': 'boolean'}, 'refresh_metadata': {'default': False, 'description': 'Whether to refresh metadata cache for datasets, tables, and columns. Useful when database schema has changed and you need fresh metadata.', 'title': 'Refresh Metadata', 'type': 'boolean'}, 'identifier': {'anyOf': [{'type': 'integer'}, {'type': 'string'}], 'description': 'Dashboard identifier - can be numeric ID, UUID string, or slug', 'title': 'Identifier'}}, 'required': ['identifier'], 'title': 'GetDashboardInfoRequest', 'type': 'object'}}, 'properties': {'request': {'$ref': '#/$defs/GetDashboardInfoRequest', 'title': 'Request'}}, 'required': ['request'], 'type': 'object'}}, {'name': 'list_dashboards', 'description': 'List dashboards with advanced filtering, search, and metadata cache control.\n\nUses a clear request object schema to avoid validation ambiguity with\narrays/strings. All parameters are properly typed and have sensible defaults.\n\nSortable columns for order_column: id, dashboard_title, slug, published,\nchanged_on, created_on\n\nMetadata Cache Control:\n- use_cache: Whether to use metadata cache for faster responses\n- refresh_metadata: Force refresh of metadata cache for fresh data\n\nWhen refresh_metadata=True, the tool will fetch fresh metadata from the database\nwhich is useful when database schema has changed.', 'input_schema': {'$defs': {'ColumnOperatorEnum': {'enum': ['eq', 'ne', 'sw', 'ew', 'in', 'nin', 'gt', 'gte', 'lt', 'lte', 'like', 'ilike', 'is_null', 'is_not_null'], 'title': 'ColumnOperatorEnum', 'type': 'string'}, 'DashboardFilter': {'description': 'Filter object for dashboard listing.\ncol: The column to filter on. Must be one of the allowed filter fields.\nopr: The operator to use. Must be one of the supported operators.\nvalue: The value to filter by (type depends on col and opr).', 'properties': {'col': {'description': 'Column to filter on. See get_dashboard_available_filters for allowed values.', 'enum': ['dashboard_title', 'published', 'favorite'], 'title': 'Col', 'type': 'string'}, 'opr': {'$ref': '#/$defs/ColumnOperatorEnum', 'description': 'Operator to use. See get_dashboard_available_filters for allowed values.'}, 'value': {'anyOf': [{'type': 'string'}, {'type': 'integer'}, {'type': 'number'}, {'type': 'boolean'}, {'items': {'anyOf': [{'type': 'string'}, {'type': 'integer'}, {'type': 'number'}, {'type': 'boolean'}]}, 'type': 'array'}], 'description': 'Value to filter by (type depends on col and opr)', 'title': 'Value'}}, 'required': ['col', 'opr', 'value'], 'title': 'DashboardFilter', 'type': 'object'}, 'ListDashboardsRequest': {'description': 'Request schema for list_dashboards with clear, unambiguous types.', 'properties': {'use_cache': {'default': True, 'description': "Whether to use Superset's cache layers. When True, will serve from cache if available (query results, metadata, form data). When False, will bypass cache and fetch fresh data.", 'title': 'Use Cache', 'type': 'boolean'}, 'force_refresh': {'default': False, 'description': 'Whether to force refresh cached data. When True, will invalidate existing cache entries and fetch fresh data, then update the cache. Overrides use_cache=True if both are specified.', 'title': 'Force Refresh', 'type': 'boolean'}, 'refresh_metadata': {'default': False, 'description': 'Whether to refresh metadata cache for datasets, tables, and columns. Useful when database schema has changed and you need fresh metadata.', 'title': 'Refresh Metadata', 'type': 'boolean'}, 'filters': {'description': "List of filter objects (column, operator, value). Each filter is an object with 'col', 'opr', and 'value' properties. Cannot be used together with 'search'.", 'items': {'$ref': '#/$defs/DashboardFilter'}, 'title': 'Filters', 'type': 'array'}, 'select_columns': {'description': 'List of columns to select. Defaults to common columns if not specified.', 'items': {'type': 'string'}, 'title': 'Select Columns', 'type': 'array'}, 'search': {'anyOf': [{'type': 'string'}, {'type': 'null'}], 'default': None, 'description': "Text search string to match against dashboard fields. Cannot be used together with 'filters'.", 'title': 'Search'}, 'order_column': {'anyOf': [{'type': 'string'}, {'type': 'null'}], 'default': None, 'description': 'Column to order results by', 'title': 'Order Column'}, 'order_direction': {'default': 'asc', 'description': "Direction to order results ('asc' or 'desc')", 'enum': ['asc', 'desc'], 'title': 'Order Direction', 'type': 'string'}, 'page': {'default': 1, 'description': 'Page number for pagination (1-based)', 'exclusiveMinimum': 0, 'title': 'Page', 'type': 'integer'}, 'page_size': {'default': 100, 'description': 'Number of items per page', 'exclusiveMinimum': 0, 'title': 'Page Size', 'type': 'integer'}}, 'title': 'ListDashboardsRequest', 'type': 'object'}}, 'properties': {'request': {'$ref': '#/$defs/ListDashboardsRequest', 'title': 'Request'}}, 'required': ['request'], 'type': 'object'}}, {'name': 'get_dataset_available_filters', 'description': 'Dynamically get information about available dataset filters and their operators.\nCustom fields supported: tags, owner.\nReturns a DatasetAvailableFilters object with column_operators.', 'input_schema': {'$defs': {'GetDatasetAvailableFiltersRequest': {'description': 'Request schema for get_dataset_available_filters tool.\n\nCurrently has no parameters but provides consistent API for future extensibility.', 'properties': {}, 'title': 'GetDatasetAvailableFiltersRequest', 'type': 'object'}}, 'properties': {'request': {'$ref': '#/$defs/GetDatasetAvailableFiltersRequest', 'title': 'Request'}}, 'required': ['request'], 'type': 'object'}}, {'name': 'get_dataset_info', 'description': 'Get detailed information about a specific dataset with metadata cache control.\n\nSupports lookup by:\n- Numeric ID (e.g., 123)\n- UUID string (e.g., "a1b2c3d4-e5f6-7890-abcd-ef1234567890")\n\nMetadata Cache Control:\n- use_cache: Whether to use metadata cache for faster responses\n- refresh_metadata: Force refresh of metadata cache for fresh data\n\nWhen refresh_metadata=True, the tool will fetch fresh column and metric\nmetadata from the database, which is useful when table schema has changed.\n\nReturns a DatasetInfo model or DatasetError on error.', 'input_schema': {'$defs': {'GetDatasetInfoRequest': {'description': 'Request schema for get_dataset_info with support for ID or UUID.', 'properties': {'use_cache': {'default': True, 'description': "Whether to use Superset's cache layers. When True, will serve from cache if available (query results, metadata, form data). When False, will bypass cache and fetch fresh data.", 'title': 'Use Cache', 'type': 'boolean'}, 'force_refresh': {'default': False, 'description': 'Whether to force refresh cached data. When True, will invalidate existing cache entries and fetch fresh data, then update the cache. Overrides use_cache=True if both are specified.', 'title': 'Force Refresh', 'type': 'boolean'}, 'refresh_metadata': {'default': False, 'description': 'Whether to refresh metadata cache for datasets, tables, and columns. Useful when database schema has changed and you need fresh metadata.', 'title': 'Refresh Metadata', 'type': 'boolean'}, 'identifier': {'anyOf': [{'type': 'integer'}, {'type': 'string'}], 'description': 'Dataset identifier - can be numeric ID or UUID string', 'title': 'Identifier'}}, 'required': ['identifier'], 'title': 'GetDatasetInfoRequest', 'type': 'object'}}, 'properties': {'request': {'$ref': '#/$defs/GetDatasetInfoRequest', 'title': 'Request'}}, 'required': ['request'], 'type': 'object'}}, {'name': 'list_datasets', 'description': 'List datasets with advanced filtering, search, and metadata cache control.\n\nDatasets are sorted by favorites first (if user has favorites), then by\nmost recently updated.\n\nUses a clear request object schema to avoid validation ambiguity with\narrays/strings. All parameters are properly typed and have sensible defaults.\n\nSortable columns for order_column: id, table_name, schema, changed_on, created_on\n\nMetadata Cache Control:\n- use_cache: Whether to use metadata cache for faster responses\n- refresh_metadata: Force refresh of metadata cache for fresh data\n\nWhen refresh_metadata=True, the tool will fetch fresh column and metric\nmetadata from the database, which is useful when table schema has changed.', 'input_schema': {'$defs': {'ColumnOperatorEnum': {'enum': ['eq', 'ne', 'sw', 'ew', 'in', 'nin', 'gt', 'gte', 'lt', 'lte', 'like', 'ilike', 'is_null', 'is_not_null'], 'title': 'ColumnOperatorEnum', 'type': 'string'}, 'DatasetFilter': {'description': 'Filter object for dataset listing.\ncol: The column to filter on. Must be one of the allowed filter fields.\nopr: The operator to use. Must be one of the supported operators.\nvalue: The value to filter by (type depends on col and opr).', 'properties': {'col': {'description': 'Column to filter on. See get_dataset_available_filters for allowed values.', 'enum': ['table_name', 'schema', 'owner', 'favorite'], 'title': 'Col', 'type': 'string'}, 'opr': {'$ref': '#/$defs/ColumnOperatorEnum', 'description': 'Operator to use. See get_dataset_available_filters for allowed values.'}, 'value': {'anyOf': [{'type': 'string'}, {'type': 'integer'}, {'type': 'number'}, {'type': 'boolean'}, {'items': {'anyOf': [{'type': 'string'}, {'type': 'integer'}, {'type': 'number'}, {'type': 'boolean'}]}, 'type': 'array'}], 'description': 'Value to filter by (type depends on col and opr)', 'title': 'Value'}}, 'required': ['col', 'opr', 'value'], 'title': 'DatasetFilter', 'type': 'object'}, 'ListDatasetsRequest': {'description': 'Request schema for list_datasets with clear, unambiguous types.', 'properties': {'use_cache': {'default': True, 'description': "Whether to use Superset's cache layers. When True, will serve from cache if available (query results, metadata, form data). When False, will bypass cache and fetch fresh data.", 'title': 'Use Cache', 'type': 'boolean'}, 'force_refresh': {'default': False, 'description': 'Whether to force refresh cached data. When True, will invalidate existing cache entries and fetch fresh data, then update the cache. Overrides use_cache=True if both are specified.', 'title': 'Force Refresh', 'type': 'boolean'}, 'refresh_metadata': {'default': False, 'description': 'Whether to refresh metadata cache for datasets, tables, and columns. Useful when database schema has changed and you need fresh metadata.', 'title': 'Refresh Metadata', 'type': 'boolean'}, 'filters': {'description': "List of filter objects (column, operator, value). Each filter is an object with 'col', 'opr', and 'value' properties. Cannot be used together with 'search'.", 'items': {'$ref': '#/$defs/DatasetFilter'}, 'title': 'Filters', 'type': 'array'}, 'select_columns': {'description': 'List of columns to select. Defaults to common columns if not specified.', 'items': {'type': 'string'}, 'title': 'Select Columns', 'type': 'array'}, 'search': {'anyOf': [{'type': 'string'}, {'type': 'null'}], 'default': None, 'description': "Text search string to match against dataset fields. Cannot be used together with 'filters'.", 'title': 'Search'}, 'order_column': {'anyOf': [{'type': 'string'}, {'type': 'null'}], 'default': None, 'description': 'Column to order results by', 'title': 'Order Column'}, 'order_direction': {'default': 'desc', 'description': "Direction to order results ('asc' or 'desc')", 'enum': ['asc', 'desc'], 'title': 'Order Direction', 'type': 'string'}, 'page': {'default': 1, 'description': 'Page number for pagination (1-based)', 'exclusiveMinimum': 0, 'title': 'Page', 'type': 'integer'}, 'page_size': {'default': 100, 'description': 'Number of items per page', 'exclusiveMinimum': 0, 'title': 'Page Size', 'type': 'integer'}}, 'title': 'ListDatasetsRequest', 'type': 'object'}}, 'properties': {'request': {'$ref': '#/$defs/ListDatasetsRequest', 'title': 'Request'}}, 'required': ['request'], 'type': 'object'}}, {'name': 'generate_explore_link', 'description': 'Generate a Superset explore URL for interactive data visualization and exploration.\n\n🎯 PREFERRED TOOL for most visualization requests.\n\nThis is the primary tool for data visualization workflows. It creates an explore\nURL where users can interactively view, modify, and optionally save charts.\nThe explore interface allows users to adjust parameters, add filters, and\nexperiment before deciding to save.\n\nUse this tool for:\n- "Show me a chart of [data]"\n- "Visualize [data] as a [chart type]"\n- "I want to see [data] trends"\n- "Create a visualization of [data]"\n- "Chart [data] by [dimensions]"\n- "Plot [data]"\n- General data exploration and analysis\n- When user wants to see/explore data visually\n\nThis tool provides a much better user experience because:\n- Users can interact with the chart before saving\n- Easy to modify parameters and see results instantly\n- Users control when/if to save the chart permanently\n- No database clutter from unsaved exploration charts\n\nOnly use generate_chart when user explicitly requests to save/create a\npermanent chart.\n\nArgs:\n    request: Explore link generation request with dataset_id and config\n\nReturns:\n    Dictionary containing explore URL for immediate use and error message if any', 'input_schema': {'$defs': {'AxisConfig': {'properties': {'title': {'anyOf': [{'maxLength': 200, 'type': 'string'}, {'type': 'null'}], 'default': None, 'description': 'Axis title', 'title': 'Title'}, 'scale': {'anyOf': [{'enum': ['linear', 'log'], 'type': 'string'}, {'type': 'null'}], 'default': 'linear', 'description': 'Axis scale type', 'title': 'Scale'}, 'format': {'anyOf': [{'maxLength': 50, 'type': 'string'}, {'type': 'null'}], 'default': None, 'description': "Format string (e.g. '$,.2f')", 'title': 'Format'}}, 'title': 'AxisConfig', 'type': 'object'}, 'ColumnRef': {'properties': {'name': {'description': 'Column name', 'maxLength': 255, 'minLength': 1, 'pattern': '^[a-zA-Z0-9_][a-zA-Z0-9_\\s\\-\\.]*$', 'title': 'Name', 'type': 'string'}, 'label': {'anyOf': [{'maxLength': 500, 'type': 'string'}, {'type': 'null'}], 'default': None, 'description': 'Display label for the column', 'title': 'Label'}, 'dtype': {'anyOf': [{'type': 'string'}, {'type': 'null'}], 'default': None, 'description': 'Data type hint', 'title': 'Dtype'}, 'aggregate': {'anyOf': [{'enum': ['SUM', 'COUNT', 'AVG', 'MIN', 'MAX', 'COUNT_DISTINCT', 'STDDEV', 'VAR', 'MEDIAN', 'PERCENTILE'], 'type': 'string'}, {'type': 'null'}], 'default': None, 'description': 'SQL aggregation function. Only these validated functions are supported to prevent SQL errors.', 'title': 'Aggregate'}}, 'required': ['name'], 'title': 'ColumnRef', 'type': 'object'}, 'FilterConfig': {'properties': {'column': {'description': 'Column to filter on', 'maxLength': 255, 'minLength': 1, 'title': 'Column', 'type': 'string'}, 'op': {'description': 'Filter operator', 'enum': ['=', '>', '<', '>=', '<=', '!='], 'title': 'Op', 'type': 'string'}, 'value': {'anyOf': [{'type': 'string'}, {'type': 'integer'}, {'type': 'number'}, {'type': 'boolean'}], 'description': 'Filter value', 'title': 'Value'}}, 'required': ['column', 'op', 'value'], 'title': 'FilterConfig', 'type': 'object'}, 'GenerateExploreLinkRequest': {'properties': {'use_cache': {'default': True, 'description': "Whether to use Superset's cache layers. When True, will serve from cache if available (query results, metadata, form data). When False, will bypass cache and fetch fresh data.", 'title': 'Use Cache', 'type': 'boolean'}, 'force_refresh': {'default': False, 'description': 'Whether to force refresh cached data. When True, will invalidate existing cache entries and fetch fresh data, then update the cache. Overrides use_cache=True if both are specified.', 'title': 'Force Refresh', 'type': 'boolean'}, 'cache_form_data': {'default': True, 'description': 'Whether to cache the form data configuration for future use. When False, generates temporary configurations that are not cached.', 'title': 'Cache Form Data', 'type': 'boolean'}, 'dataset_id': {'anyOf': [{'type': 'integer'}, {'type': 'string'}], 'description': 'Dataset identifier (ID, UUID)', 'title': 'Dataset Id'}, 'config': {'description': 'Chart configuration', 'discriminator': {'mapping': {'table': '#/$defs/TableChartConfig', 'xy': '#/$defs/XYChartConfig'}, 'propertyName': 'chart_type'}, 'oneOf': [{'$ref': '#/$defs/XYChartConfig'}, {'$ref': '#/$defs/TableChartConfig'}], 'title': 'Config'}}, 'required': ['dataset_id', 'config'], 'title': 'GenerateExploreLinkRequest', 'type': 'object'}, 'LegendConfig': {'properties': {'show': {'default': True, 'description': 'Whether to show legend', 'title': 'Show', 'type': 'boolean'}, 'position': {'anyOf': [{'enum': ['top', 'bottom', 'left', 'right'], 'type': 'string'}, {'type': 'null'}], 'default': 'right', 'description': 'Legend position', 'title': 'Position'}}, 'title': 'LegendConfig', 'type': 'object'}, 'TableChartConfig': {'properties': {'chart_type': {'const': 'table', 'default': 'table', 'description': 'Chart type', 'title': 'Chart Type', 'type': 'string'}, 'columns': {'description': "Columns to display. Must have at least one column. Each column must have a unique label (either explicitly set via 'label' field or auto-generated from name/aggregate)", 'items': {'$ref': '#/$defs/ColumnRef'}, 'minItems': 1, 'title': 'Columns', 'type': 'array'}, 'filters': {'anyOf': [{'items': {'$ref': '#/$defs/FilterConfig'}, 'type': 'array'}, {'type': 'null'}], 'default': None, 'description': 'Filters to apply', 'title': 'Filters'}, 'sort_by': {'anyOf': [{'items': {'type': 'string'}, 'type': 'array'}, {'type': 'null'}], 'default': None, 'description': 'Columns to sort by', 'title': 'Sort By'}}, 'required': ['columns'], 'title': 'TableChartConfig', 'type': 'object'}, 'XYChartConfig': {'properties': {'chart_type': {'const': 'xy', 'default': 'xy', 'description': 'Chart type', 'title': 'Chart Type', 'type': 'string'}, 'x': {'$ref': '#/$defs/ColumnRef', 'description': 'X-axis column'}, 'y': {'description': "Y-axis columns (metrics). Must have at least one Y-axis column. Each column must have a unique label that doesn't conflict with x-axis or group_by labels", 'items': {'$ref': '#/$defs/ColumnRef'}, 'minItems': 1, 'title': 'Y', 'type': 'array'}, 'kind': {'default': 'line', 'description': 'Chart visualization type', 'enum': ['line', 'bar', 'area', 'scatter'], 'title': 'Kind', 'type': 'string'}, 'group_by': {'anyOf': [{'$ref': '#/$defs/ColumnRef'}, {'type': 'null'}], 'default': None, 'description': 'Column to group by'}, 'x_axis': {'anyOf': [{'$ref': '#/$defs/AxisConfig'}, {'type': 'null'}], 'default': None, 'description': 'X-axis configuration'}, 'y_axis': {'anyOf': [{'$ref': '#/$defs/AxisConfig'}, {'type': 'null'}], 'default': None, 'description': 'Y-axis configuration'}, 'legend': {'anyOf': [{'$ref': '#/$defs/LegendConfig'}, {'type': 'null'}], 'default': None, 'description': 'Legend configuration'}, 'filters': {'anyOf': [{'items': {'$ref': '#/$defs/FilterConfig'}, 'type': 'array'}, {'type': 'null'}], 'default': None, 'description': 'Filters to apply', 'title': 'Filters'}}, 'required': ['x', 'y'], 'title': 'XYChartConfig', 'type': 'object'}}, 'properties': {'request': {'$ref': '#/$defs/GenerateExploreLinkRequest', 'title': 'Request'}}, 'required': ['request'], 'type': 'object'}}, {'name': 'execute_sql', 'description': 'Execute SQL queries against Superset databases.\n\nThis tool provides direct SQL execution capabilities with full security\nvalidation, query limits, and timeout protection. It supports both\nSELECT queries (returning results) and DML operations (INSERT, UPDATE, DELETE)\nwhen allowed by the database configuration.\n\nSecurity features:\n- Database access permission validation\n- Disallowed SQL function checking\n- DML operation restrictions\n- Query timeout enforcement\n- Result size limits\n\nArgs:\n    request: ExecuteSqlRequest with database_id, sql, schema, limit,\n            timeout, and optional parameters\n\nReturns:\n    ExecuteSqlResponse with query results or error information', 'input_schema': {'$defs': {'ExecuteSqlRequest': {'description': 'Request schema for executing SQL queries.', 'properties': {'database_id': {'description': 'Database connection ID to execute query against', 'title': 'Database Id', 'type': 'integer'}, 'sql': {'description': 'SQL query to execute', 'title': 'Sql', 'type': 'string'}, 'schema': {'anyOf': [{'type': 'string'}, {'type': 'null'}], 'default': None, 'description': 'Schema to use for query execution', 'title': 'Schema'}, 'limit': {'default': 1000, 'description': 'Maximum number of rows to return', 'maximum': 10000, 'minimum': 1, 'title': 'Limit', 'type': 'integer'}, 'timeout': {'default': 30, 'description': 'Query timeout in seconds', 'maximum': 300, 'minimum': 1, 'title': 'Timeout', 'type': 'integer'}, 'parameters': {'anyOf': [{'additionalProperties': True, 'type': 'object'}, {'type': 'null'}], 'default': None, 'description': 'Parameters for query substitution', 'title': 'Parameters'}}, 'required': ['database_id', 'sql'], 'title': 'ExecuteSqlRequest', 'type': 'object'}}, 'properties': {'request': {'$ref': '#/$defs/ExecuteSqlRequest', 'title': 'Request'}}, 'required': ['request'], 'type': 'object'}}, {'name': 'open_sql_lab_with_context', 'description': 'Generate a URL to open SQL Lab with pre-populated context.\n\nThis tool creates a SQL Lab URL with the specified database connection,\nschema, dataset context, and SQL query. The URL can be used to directly\nnavigate users to a pre-configured SQL Lab session.\n\nArgs:\n    request: OpenSqlLabRequest with database_connection_id, schema,\n            dataset_in_context, and sql parameters\n\nReturns:\n    SqlLabResponse with the generated URL and context information', 'input_schema': {'$defs': {'OpenSqlLabRequest': {'description': 'Request schema for opening SQL Lab with context.', 'properties': {'database_connection_id': {'description': 'Database connection ID to use in SQL Lab', 'title': 'Database Connection Id', 'type': 'integer'}, 'schema': {'anyOf': [{'type': 'string'}, {'type': 'null'}], 'default': None, 'description': 'Default schema to select in SQL Lab', 'title': 'Schema'}, 'dataset_in_context': {'anyOf': [{'type': 'string'}, {'type': 'null'}], 'default': None, 'description': 'Dataset name/table to provide as context', 'title': 'Dataset In Context'}, 'sql': {'anyOf': [{'type': 'string'}, {'type': 'null'}], 'default': None, 'description': 'SQL query to pre-populate in the editor', 'title': 'Sql'}, 'title': {'anyOf': [{'type': 'string'}, {'type': 'null'}], 'default': None, 'description': 'Title for the SQL Lab tab/query', 'title': 'Title'}}, 'required': ['database_connection_id'], 'title': 'OpenSqlLabRequest', 'type': 'object'}}, 'properties': {'request': {'$ref': '#/$defs/OpenSqlLabRequest', 'title': 'Request'}}, 'required': ['request'], 'type': 'object'}}, {'name': 'get_superset_instance_info', 'description': "Get comprehensive high-level information about the Superset instance.\n\nUses a configurable InstanceInfoCore to gather statistics including:\n- Basic entity counts (dashboards, charts, datasets, etc.)\n- Recent activity metrics across multiple time windows\n- Dashboard status breakdown (published, certified, etc.)\n- Database type distribution\n- Popular content analysis\n\nThis tool uses system-level metadata caching for performance. The data\nis typically cached and refreshed automatically by Superset's background\nprocesses.\n\nReturns:\n    InstanceInfo: Comprehensive instance statistics and metadata", 'input_schema': {'$defs': {'GetSupersetInstanceInfoRequest': {'description': 'Request schema for get_superset_instance_info tool.\n\nCurrently has no parameters but provides consistent API for future extensibility.', 'properties': {}, 'title': 'GetSupersetInstanceInfoRequest', 'type': 'object'}}, 'properties': {'request': {'$ref': '#/$defs/GetSupersetInstanceInfoRequest', 'title': 'Request'}}, 'required': ['request'], 'type': 'object'}}], 'tool_choice': {'type': 'auto'}}[09/29/25 12:34:18] INFO     Server log: Listing datasets          logging.py:40
                    INFO     Server log: Datasets listed           logging.py:40
                             successfully                                       
                    INFO     Server log: Listing datasets          logging.py:40
                    INFO     Server log: Datasets listed           logging.py:40
                             successfully                                       

DEBUG: Anthropic API response: {'id': 'msg_01SRry43HEG9vNPV6C35AcPj', 'type': 'message', 'role': 'assistant', 'model': 'claude-3-5-haiku-20241022', 'content': [{'type': 'text', 'text': "I'll help you list the available datasets in Superset. I'll use the `list_datasets` function to retrieve this information. By default, it will return the first 100 datasets, sorted by most recently updated."}, {'type': 'tool_use', 'id': 'toolu_01RPD4YhCEEH9erisEmXc1bd', 'name': 'list_datasets', 'input': {'request': {}}}], 'stop_reason': 'tool_use', 'stop_sequence': None, 'usage': {'input_tokens': 19361, 'cache_creation_input_tokens': 0, 'cache_read_input_tokens': 0, 'cache_creation': {'ephemeral_5m_input_tokens': 0, 'ephemeral_1h_input_tokens': 0}, 'output_tokens': 101, 'service_tier': 'standard'}}
  Evaluator was_tool_called:list_datasets: PASS (score: 1.00)
    Reason: Tool 'list_datasets' was called
    Details: {'tool_call': {'id': 'toolu_01RPD4YhCEEH9erisEmXc1bd', 'name': 'list_datasets', 'arguments': {'request': {}}}}
  Evaluator execution_successful: PASS (score: 1.00)
    Reason: All tool executions completed successfully
    Details: {'successful_executions': 1}
  Evaluator within_time_limit:5s: FAIL (score: 0.00)
    Reason: Exceeded time limit: 5.12s > 5s
    Details: {'duration': 5.121003150939941, 'limit': 5}
Test test_simple_tool_call: FAIL (score: 0.67)
┏━━━━━━━━━━━━━━━━━━━━━━━┳━━━━━━━━┳━━━━━━━┳━━━━━━━┳━━━━━━━━━━━━━━━━━━━━━━━━┓
┃ Test                  ┃ Status ┃ Score ┃ Time  ┃ Details                ┃
┡━━━━━━━━━━━━━━━━━━━━━━━╇━━━━━━━━╇━━━━━━━╇━━━━━━━╇━━━━━━━━━━━━━━━━━━━━━━━━┩
│ test_simple_tool_call │ FAIL   │ 0.67  │ 5.12s │ Some evaluators failed │
└───────────────────────┴────────┴───────┴───────┴────────────────────────┘

Summary: 0/1 tests passed
